// Jest Snapshot v1, https://goo.gl/fbAQLP

exports[`App should render correctly in "debug" mode 1`] = `
<div>
  <Add
    onAdd={[Function]}
  />
  <List
    data={Array []}
  />
</div>
`;

exports[`App should render correctly with no props 1`] = `
<div>
  <Add
    onAdd={[Function]}
  />
  <List
    data={Array []}
  />
</div>
`;
